// Jest Snapshot v1, https://goo.gl/fbAQLP

exports[`ProcessedLog renders correctly 1`] = `
<div
  className="main"
>
  <div
    className="main-inner"
    data-testid="processedLog.log"
  />
</div>
`;
